******************************************************************************
                  TI ARM Linker PC v18.12.2                    
******************************************************************************
>> Linked Thu Nov 28 02:27:28 2019

OUTPUT FILE NAME:   <FishBox.out>
ENTRY POINT SYMBOL: "_c_int00_noargs"  address: 000023cd


MEMORY CONFIGURATION

         name            origin    length      used     unused   attr    fill
----------------------  --------  ---------  --------  --------  ----  --------
  MAIN                  00000000   00040000  00002594  0003da6c  R  X
  INFO                  00200000   00004000  00000000  00004000  R  X
  SRAM_CODE             01000000   00010000  0000025c  0000fda4  RW X
  SRAM_DATA             20000000   00010000  0000025c  0000fda4  RW  


SEGMENT ALLOCATION MAP

run origin  load origin   length   init length attrs members
----------  ----------- ---------- ----------- ----- -------
00000000    00000000    00002598   00002598    r-x
  00000000    00000000    000000e4   000000e4    r-- .intvecs
  000000e4    000000e4    00002448   00002448    r-x .text
  00002530    00002530    00000030   00000030    r-- .const
  00002560    00002560    00000038   00000038    r-- .cinit
20000000    20000000    0000005c   00000000    rw-
  20000000    20000000    0000003c   00000000    rw- .bss
  2000003c    2000003c    00000020   00000000    rw- .data
2000fe00    2000fe00    00000200   00000000    rw-
  2000fe00    2000fe00    00000200   00000000    rw- .stack


SECTION ALLOCATION MAP

 output                                  attributes/
section   page    origin      length       input sections
--------  ----  ----------  ----------   ----------------
.intvecs   0    00000000    000000e4     
                  00000000    000000e4     startup_msp432p401r_ccs.obj (.intvecs:retain)

.text      0    000000e4    00002448     
                  000000e4    000009c0     rtsv7M4_T_le_v4SPD16_eabi.lib : e_pow.c.obj (.text:pow)
                  00000aa4    00000334     system_msp432p401r.obj (.text)
                  00000dd8    000002b8     main.obj (.text)
                  00001090    00000214     dht11.obj (.text)
                  000012a4    0000020c     hc_sr04.obj (.text)
                  000014b0    000001b6     rtsv7M4_T_le_v4SPD16_eabi.lib : fd_add_t2.asm.obj (.text)
                  00001666    0000018c     onewire.obj (.text)
                  000017f2    00000002     --HOLE-- [fill = 0]
                  000017f4    00000160     DS18B20.obj (.text)
                  00001954    0000015c     MQ135.obj (.text)
                  00001ab0    00000158     rtsv7M4_T_le_v4SPD16_eabi.lib : e_sqrt.c.obj (.text:sqrt)
                  00001c08    00000136                                   : fd_div_t2.asm.obj (.text)
                  00001d3e    00000002     --HOLE-- [fill = 0]
                  00001d40    00000110                                   : s_scalbn.c.obj (.text:scalbn)
                  00001e50    0000010c     sen0189.obj (.text)
                  00001f5c    000000fc     rtsv7M4_T_le_v4SPD16_eabi.lib : fd_mul_t2.asm.obj (.text)
                  00002058    0000009c                                   : memcpy_t2.asm.obj (.text)
                  000020f4    00000086                                   : fd_cmp_t2.asm.obj (.text:__aeabi_cdcmple)
                  0000217a    00000086                                   : fd_cmp_t2.asm.obj (.text:__aeabi_cdrcmple)
                  00002200    0000006e                                   : fd_tos_t2.asm.obj (.text)
                  0000226e    00000068                                   : copy_decompress_lzss.c.obj (.text:decompress:lzss:__TI_decompress_lzss)
                  000022d6    00000002     --HOLE-- [fill = 0]
                  000022d8    00000044                                   : autoinit.c.obj (.text:__TI_auto_init_nobinit_nopinit:__TI_auto_init_nobinit_nopinit)
                  0000231c    00000040     clock.obj (.text)
                  0000235c    00000038     relay.obj (.text)
                  00002394    00000038     rtsv7M4_T_le_v4SPD16_eabi.lib : fs_tod_t2.asm.obj (.text)
                  000023cc    00000034                                   : boot_cortex_m.c.obj (.text:_c_int00_noargs:_c_int00_noargs)
                  00002400    00000034     onewire.obj (.text:onewire_line_high)
                  00002434    00000034     onewire.obj (.text:onewire_line_low)
                  00002468    00000034     onewire.obj (.text:onewire_line_release)
                  0000249c    0000002e     rtsv7M4_T_le_v4SPD16_eabi.lib : i_tofd_t2.asm.obj (.text)
                  000024ca    0000001c                                   : copy_zero_init.c.obj (.text:decompress:ZI:__TI_zero_init_nomemset:__TI_zero_init_nomemset)
                  000024e6    0000001a                                   : s_copysign.c.obj (.text:copysign)
                  00002500    0000000e                                   : copy_decompress_none.c.obj (.text:decompress:none:__TI_decompress_none)
                  0000250e    0000000e     startup_msp432p401r_ccs.obj (.text)
                  0000251c    00000008     rtsv7M4_T_le_v4SPD16_eabi.lib : errno.c.obj (.text:__aeabi_errno_addr)
                  00002524    00000004                                   : pre_init.c.obj (.text:_system_pre_init)
                  00002528    00000004                                   : exit.c.obj (.text:abort:abort)

.const     0    00002530    00000030     
                  00002530    00000030     rtsv7M4_T_le_v4SPD16_eabi.lib : e_pow.c.obj (.const:$O1$$)

.cinit     0    00002560    00000038     
                  00002560    00000010     (.cinit..data.load) [load image, compression = lzss]
                  00002570    0000000c     (__TI_handler_table)
                  0000257c    00000004     --HOLE-- [fill = 0]
                  00002580    00000008     (.cinit..bss.load) [load image, compression = zero_init]
                  00002588    00000010     (__TI_cinit_table)

.init_array 
*          0    00000000    00000000     UNINITIALIZED

.binit     0    00000000    00000000     

.bss       0    20000000    0000003c     UNINITIALIZED
                  20000000    00000014     (.common:ow)
                  20000014    0000000c     (.common:scratchpad)
                  20000020    00000008     (.common:capture_time)
                  20000028    00000004     (.common:co2_percentage)
                  2000002c    00000004     (.common:dht_temp)
                  20000030    00000004     (.common:dsb_temp)
                  20000034    00000004     (.common:ultrasonic_config)
                  20000038    00000004     (.common:wholeTemp)

.data      0    2000003c    00000020     UNINITIALIZED
                  2000003c    0000000c     main.obj (.data)
                  20000048    0000000a     hc_sr04.obj (.data)
                  20000052    00000002     --HOLE--
                  20000054    00000004     rtsv7M4_T_le_v4SPD16_eabi.lib : errno.c.obj (.data)
                  20000058    00000004     system_msp432p401r.obj (.data)

.stack     0    2000fe00    00000200     UNINITIALIZED
                  2000fe00    00000004     rtsv7M4_T_le_v4SPD16_eabi.lib : boot_cortex_m.c.obj (.stack)
                  2000fe04    000001fc     --HOLE--

MODULE SUMMARY

       Module                        code   ro data   rw data
       ------                        ----   -------   -------
    .\
       system_msp432p401r.obj        820    0         8      
       main.obj                      696    0         48     
       hc_sr04.obj                   524    0         44     
       onewire.obj                   552    0         0      
       dht11.obj                     532    0         0      
       DS18B20.obj                   352    0         72     
       MQ135.obj                     348    0         0      
       sen0189.obj                   268    0         0      
       startup_msp432p401r_ccs.obj   14     228       0      
       clock.obj                     64     0         0      
       relay.obj                     56     0         0      
    +--+-----------------------------+------+---------+---------+
       Total:                        4226   228       172    
                                                             
    C:\ti\ccs910\ccs\tools\compiler\ti-cgt-arm_18.12.2.LTS\lib\rtsv7M4_T_le_v4SPD16_eabi.lib
       e_pow.c.obj                   2496   48        0      
       fd_add_t2.asm.obj             438    0         0      
       e_sqrt.c.obj                  344    0         0      
       fd_div_t2.asm.obj             310    0         0      
       s_scalbn.c.obj                272    0         0      
       fd_cmp_t2.asm.obj             268    0         0      
       fd_mul_t2.asm.obj             252    0         0      
       memcpy_t2.asm.obj             156    0         0      
       fd_tos_t2.asm.obj             110    0         0      
       copy_decompress_lzss.c.obj    104    0         0      
       autoinit.c.obj                68     0         0      
       fs_tod_t2.asm.obj             56     0         0      
       boot_cortex_m.c.obj           52     0         0      
       i_tofd_t2.asm.obj             46     0         0      
       copy_zero_init.c.obj          28     0         0      
       s_copysign.c.obj              26     0         0      
       errno.c.obj                   8      0         8      
       copy_decompress_none.c.obj    14     0         0      
       exit.c.obj                    4      0         0      
       pre_init.c.obj                4      0         0      
    +--+-----------------------------+------+---------+---------+
       Total:                        5056   48        8      
                                                             
       Stack:                        0      0         1024   
       Linker Generated:             0      52        0      
    +--+-----------------------------+------+---------+---------+
       Grand Total:                  9282   328       1204   


LINKER GENERATED COPY TABLES

__TI_cinit_table @ 00002588 records: 2, size/record: 8, table size: 16
	.data: load addr=00002560, load size=00000010 bytes, run addr=2000003c, run size=00000020 bytes, compression=lzss
	.bss: load addr=00002580, load size=00000008 bytes, run addr=20000000, run size=0000003c bytes, compression=zero_init


LINKER GENERATED HANDLER TABLE

__TI_handler_table @ 00002570 records: 3, size/record: 4, table size: 12
	index: 0, handler: __TI_decompress_lzss
	index: 1, handler: __TI_decompress_none
	index: 2, handler: __TI_zero_init


GLOBAL SYMBOLS: SORTED ALPHABETICALLY BY Name 

address   name                          
-------   ----                          
00000fcb  ADC14_IRQHandler              
00000fcb  ADC14_IRQHandler              
0000251b  AES256_IRQHandler             
0000251b  BusFault_Handler              
00002529  C$$EXIT                       
0000251b  COMP_E0_IRQHandler            
0000251b  COMP_E1_IRQHandler            
0000251b  CS_IRQHandler                 
0000251b  DMA_ERR_IRQHandler            
0000251b  DMA_INT0_IRQHandler           
0000251b  DMA_INT1_IRQHandler           
0000251b  DMA_INT2_IRQHandler           
0000251b  DMA_INT3_IRQHandler           
0000251b  DebugMon_Handler              
0000251b  Default_Handler               
0000251b  EUSCIA0_IRQHandler            
0000251b  EUSCIA1_IRQHandler            
0000251b  EUSCIA2_IRQHandler            
0000251b  EUSCIA3_IRQHandler            
0000251b  EUSCIB0_IRQHandler            
0000251b  EUSCIB1_IRQHandler            
0000251b  EUSCIB2_IRQHandler            
0000251b  EUSCIB3_IRQHandler            
0000251b  FLCTL_IRQHandler              
0000251b  FPU_IRQHandler                
0000251b  HardFault_Handler             
0000251b  MemManage_Handler             
0000251b  NMI_Handler                   
0000251b  PCM_IRQHandler                
0000251b  PORT1_IRQHandler              
0000251b  PORT2_IRQHandler              
0000251b  PORT3_IRQHandler              
0000251b  PORT4_IRQHandler              
0000251b  PORT5_IRQHandler              
0000251b  PORT6_IRQHandler              
0000251b  PSS_IRQHandler                
0000251b  PendSV_Handler                
0000251b  RTC_C_IRQHandler              
0000250f  Reset_Handler                 
0000251b  SVC_Handler                   
0000251b  SysTick_Handler               
20000058  SystemCoreClock               
00000aa5  SystemCoreClockUpdate         
00000d1d  SystemInit                    
0000251b  T32_INT1_IRQHandler           
0000251b  T32_INT2_IRQHandler           
0000251b  T32_INTC_IRQHandler           
0000251b  TA0_0_IRQHandler              
000013bd  TA0_N_IRQHandler              
000013bd  TA0_N_IRQHandler              
0000251b  TA1_0_IRQHandler              
00000f4f  TA1_N_IRQHandler              
00000f4f  TA1_N_IRQHandler              
0000251b  TA2_0_IRQHandler              
0000251b  TA2_N_IRQHandler              
0000251b  TA3_0_IRQHandler              
00000f89  TA3_N_IRQHandler              
00000f89  TA3_N_IRQHandler              
0000251b  UsageFault_Handler            
4000480c  WDTCTL_SYM                    
0000251b  WDT_A_IRQHandler              
20010000  __STACK_END                   
00000200  __STACK_SIZE                  
00002588  __TI_CINIT_Base               
00002598  __TI_CINIT_Limit              
00002570  __TI_Handler_Table_Base       
0000257c  __TI_Handler_Table_Limit      
000022d9  __TI_auto_init_nobinit_nopinit
0000226f  __TI_decompress_lzss          
00002501  __TI_decompress_none          
ffffffff  __TI_pprof_out_hndl           
ffffffff  __TI_prof_data_size           
ffffffff  __TI_prof_data_start          
00000000  __TI_static_base__            
000024cb  __TI_zero_init_nomemset       
000020f5  __aeabi_cdcmpeq               
000020f5  __aeabi_cdcmple               
0000217b  __aeabi_cdrcmple              
00002201  __aeabi_d2f                   
000014bb  __aeabi_dadd                  
00001c09  __aeabi_ddiv                  
00001f5d  __aeabi_dmul                  
000014b1  __aeabi_dsub                  
0000251d  __aeabi_errno_addr            
00002395  __aeabi_f2d                   
0000249d  __aeabi_i2d                   
00002059  __aeabi_memcpy                
00002059  __aeabi_memcpy4               
00002059  __aeabi_memcpy8               
ffffffff  __binit__                     
ffffffff  __c_args__                    
UNDEFED   __mpu_init                    
2000fe00  __stack                       
000023cd  _c_int00_noargs               
UNDEFED   _system_post_cinit            
00002525  _system_pre_init              
00002529  abort                         
00002369  activate_relay                
ffffffff  binit                         
00001eab  calculate_turbidity           
20000050  capture_distance              
20000048  capture_index                 
2000004c  capture_offset                
20000020  capture_time                  
20000028  co2_percentage                
000024e7  copysign                      
000024e7  copysignl                     
00002375  deactivate_relay              
2000002c  dht_temp                      
00002343  disable_watchdog              
20000030  dsb_temp                      
20000054  errno                         
000019a5  getCO2percentage              
000012a5  initialize_ultrasonic_sensor  
00000000  interruptVectors              
000013a9  is_object_found               
00001d41  ldexp                         
00001d41  ldexpl                        
00000dd9  main                          
00002059  memcpy                        
20000044  object                        
00002401  onewire_line_high             
00002435  onewire_line_low              
00002469  onewire_line_release          
00001725  onewire_read_bit              
000017af  onewire_read_byte             
00001667  onewire_reset                 
000016c9  onewire_write_bit             
00001777  onewire_write_byte            
20000000  ow                            
000000e5  pow                           
000000e5  powl                          
00001091  readTempSensor                
00001829  read_dsb                      
00001d41  scalbn                        
00001d41  scalbnl                       
20000014  scratchpad                    
00001955  setup_CO2Sesnsor              
0000231d  setup_dco                     
000017f5  setup_dsb                     
00000ef1  setup_led                     
0000235d  setup_relay                   
00000f11  setup_timer                   
00001e51  setup_turbidity               
00001339  setup_ultrasonic_capture_timer
000012b9  setup_ultrasonic_pins         
00001ab1  sqrt                          
00001ab1  sqrtl                         
20000040  timer_a1                      
20000042  timer_a3                      
00002381  toggle_relay                  
0000135f  trigger_ultrasonic            
2000003c  turbidity_percentage          
20000034  ultrasonic_config             
20000038  wholeTemp                     


GLOBAL SYMBOLS: SORTED BY Symbol Address 

address   name                          
-------   ----                          
00000000  __TI_static_base__            
00000000  interruptVectors              
000000e5  pow                           
000000e5  powl                          
00000200  __STACK_SIZE                  
00000aa5  SystemCoreClockUpdate         
00000d1d  SystemInit                    
00000dd9  main                          
00000ef1  setup_led                     
00000f11  setup_timer                   
00000f4f  TA1_N_IRQHandler              
00000f4f  TA1_N_IRQHandler              
00000f89  TA3_N_IRQHandler              
00000f89  TA3_N_IRQHandler              
00000fcb  ADC14_IRQHandler              
00000fcb  ADC14_IRQHandler              
00001091  readTempSensor                
000012a5  initialize_ultrasonic_sensor  
000012b9  setup_ultrasonic_pins         
00001339  setup_ultrasonic_capture_timer
0000135f  trigger_ultrasonic            
000013a9  is_object_found               
000013bd  TA0_N_IRQHandler              
000013bd  TA0_N_IRQHandler              
000014b1  __aeabi_dsub                  
000014bb  __aeabi_dadd                  
00001667  onewire_reset                 
000016c9  onewire_write_bit             
00001725  onewire_read_bit              
00001777  onewire_write_byte            
000017af  onewire_read_byte             
000017f5  setup_dsb                     
00001829  read_dsb                      
00001955  setup_CO2Sesnsor              
000019a5  getCO2percentage              
00001ab1  sqrt                          
00001ab1  sqrtl                         
00001c09  __aeabi_ddiv                  
00001d41  ldexp                         
00001d41  ldexpl                        
00001d41  scalbn                        
00001d41  scalbnl                       
00001e51  setup_turbidity               
00001eab  calculate_turbidity           
00001f5d  __aeabi_dmul                  
00002059  __aeabi_memcpy                
00002059  __aeabi_memcpy4               
00002059  __aeabi_memcpy8               
00002059  memcpy                        
000020f5  __aeabi_cdcmpeq               
000020f5  __aeabi_cdcmple               
0000217b  __aeabi_cdrcmple              
00002201  __aeabi_d2f                   
0000226f  __TI_decompress_lzss          
000022d9  __TI_auto_init_nobinit_nopinit
0000231d  setup_dco                     
00002343  disable_watchdog              
0000235d  setup_relay                   
00002369  activate_relay                
00002375  deactivate_relay              
00002381  toggle_relay                  
00002395  __aeabi_f2d                   
000023cd  _c_int00_noargs               
00002401  onewire_line_high             
00002435  onewire_line_low              
00002469  onewire_line_release          
0000249d  __aeabi_i2d                   
000024cb  __TI_zero_init_nomemset       
000024e7  copysign                      
000024e7  copysignl                     
00002501  __TI_decompress_none          
0000250f  Reset_Handler                 
0000251b  AES256_IRQHandler             
0000251b  BusFault_Handler              
0000251b  COMP_E0_IRQHandler            
0000251b  COMP_E1_IRQHandler            
0000251b  CS_IRQHandler                 
0000251b  DMA_ERR_IRQHandler            
0000251b  DMA_INT0_IRQHandler           
0000251b  DMA_INT1_IRQHandler           
0000251b  DMA_INT2_IRQHandler           
0000251b  DMA_INT3_IRQHandler           
0000251b  DebugMon_Handler              
0000251b  Default_Handler               
0000251b  EUSCIA0_IRQHandler            
0000251b  EUSCIA1_IRQHandler            
0000251b  EUSCIA2_IRQHandler            
0000251b  EUSCIA3_IRQHandler            
0000251b  EUSCIB0_IRQHandler            
0000251b  EUSCIB1_IRQHandler            
0000251b  EUSCIB2_IRQHandler            
0000251b  EUSCIB3_IRQHandler            
0000251b  FLCTL_IRQHandler              
0000251b  FPU_IRQHandler                
0000251b  HardFault_Handler             
0000251b  MemManage_Handler             
0000251b  NMI_Handler                   
0000251b  PCM_IRQHandler                
0000251b  PORT1_IRQHandler              
0000251b  PORT2_IRQHandler              
0000251b  PORT3_IRQHandler              
0000251b  PORT4_IRQHandler              
0000251b  PORT5_IRQHandler              
0000251b  PORT6_IRQHandler              
0000251b  PSS_IRQHandler                
0000251b  PendSV_Handler                
0000251b  RTC_C_IRQHandler              
0000251b  SVC_Handler                   
0000251b  SysTick_Handler               
0000251b  T32_INT1_IRQHandler           
0000251b  T32_INT2_IRQHandler           
0000251b  T32_INTC_IRQHandler           
0000251b  TA0_0_IRQHandler              
0000251b  TA1_0_IRQHandler              
0000251b  TA2_0_IRQHandler              
0000251b  TA2_N_IRQHandler              
0000251b  TA3_0_IRQHandler              
0000251b  UsageFault_Handler            
0000251b  WDT_A_IRQHandler              
0000251d  __aeabi_errno_addr            
00002525  _system_pre_init              
00002529  C$$EXIT                       
00002529  abort                         
00002570  __TI_Handler_Table_Base       
0000257c  __TI_Handler_Table_Limit      
00002588  __TI_CINIT_Base               
00002598  __TI_CINIT_Limit              
20000000  ow                            
20000014  scratchpad                    
20000020  capture_time                  
20000028  co2_percentage                
2000002c  dht_temp                      
20000030  dsb_temp                      
20000034  ultrasonic_config             
20000038  wholeTemp                     
2000003c  turbidity_percentage          
20000040  timer_a1                      
20000042  timer_a3                      
20000044  object                        
20000048  capture_index                 
2000004c  capture_offset                
20000050  capture_distance              
20000054  errno                         
20000058  SystemCoreClock               
2000fe00  __stack                       
20010000  __STACK_END                   
4000480c  WDTCTL_SYM                    
ffffffff  __TI_pprof_out_hndl           
ffffffff  __TI_prof_data_size           
ffffffff  __TI_prof_data_start          
ffffffff  __binit__                     
ffffffff  __c_args__                    
ffffffff  binit                         
UNDEFED   __mpu_init                    
UNDEFED   _system_post_cinit            

[155 symbols]
